// Jest Snapshot v1, https://jestjs.io/docs/snapshot-testing

exports[`usePatternFlyDocsTool tool structure should match structure snapshot 1`] = `
{
  "hasDescription": true,
  "hasInputSchema": true,
  "name": "usePatternFlyDocs",
}
`;
